======================================================================
GMSH MESH QUALITY REPORT
======================================================================
File: ..\Output\PlainBWB_mesh\Gmsh_without_cavities_AoA_neg5_20260914.msh
Total elements: 31029027
Element types present: 2

======================================================================
Element type: 3-node triangle (gmsh type 2), 559906 elements
======================================================================

Quality metrics for 3-node triangle
-----------------------------------
Metric             Count             Min             Max            Mean          StdDev
----------------------------------------------------------------------------------------
minDetJac         559906         3621.48     1.18737e+06          863701         29480.1
maxDetJac         559906         3621.48     1.18737e+06          863701         29480.1
minSICN           559906       0.0751982               1        0.998897       0.0100312
minSIGE           559906         0.55735               1        0.999554      0.00413555
gamma             559906       0.0850032               1        0.998732       0.0111527
innerRadius       559906         6.13953         336.453         288.122         6.07626
outerRadius       559906         144.295         706.893         576.936         10.0049
minIsotropy       559906       0.0751982               1        0.998897       0.0100312
angleShape        559906      0.00027476               1        0.998805       0.0316294
minEdge           559906          12.555          1125.6         995.328         28.0113
maxEdge           559906         288.508         1359.88         1002.51         21.7939
volume            559906         1810.74          593687          431850         14740.1

Histogram of minSICN (559906 elements)
------------------------------------------------------------
  [    0.075198,      0.16768) :          8 (  0.00%) 
  [     0.16768,      0.26016) :          4 (  0.00%) 
  [     0.26016,      0.35264) :         16 (  0.00%) 
  [     0.35264,      0.44512) :         16 (  0.00%) 
  [     0.44512,       0.5376) :         16 (  0.00%) 
  [      0.5376,      0.63008) :         25 (  0.00%) 
  [     0.63008,      0.72256) :         22 (  0.00%) 
  [     0.72256,      0.81504) :         38 (  0.01%) 
  [     0.81504,      0.90752) :         96 (  0.02%) 
  [     0.90752,            1) :     559665 ( 99.96%) ##################################################

Elements at or below quality thresholds for minSICN (559906 valid elements)
------------------------------------------------------------
  <= 0.01       :          0 elements (  0.00%)
  <= 0.05       :          0 elements (  0.00%)
  <= 0.1        :          4 elements (  0.00%)
  <= 0.2        :          8 elements (  0.00%)
  <= 0.3        :         16 elements (  0.00%)

Worst 20 elements by minSICN for 3-node triangle
------------------------------------------------------------------------------
ElementTag           minSICN               X               Y               Z
5                  0.0751982           48042         17773.8         4184.96
1912               0.0751982           48042        -17773.8         4184.96
3                  0.0752812         48095.9         17591.4         4191.26
1902               0.0752812         48095.9        -17591.4         4191.26
6                   0.128693         47897.8         18020.5         4175.35
1910                0.128693         47897.8        -18020.5         4175.35
7                   0.128811         48001.1         17861.1         4188.59
1913                0.128811         48001.1        -17861.1         4188.59
8                   0.211499         47689.3         18215.7         4161.85
1908                0.211499         47689.3        -18215.7         4161.85
9                   0.211988         47833.3         18092.7         4181.67
1911                0.211988         47833.3        -18092.7         4181.67
1988                0.269688         46573.5        -18248.4         4157.57
2074                0.269688         46573.5         18248.4         4157.57
1989                0.273762           46581        -18248.4         4072.39
2075                0.273762           46581         18248.4         4072.39
10                  0.313013         47433.9         18343.2         4145.59
1906                0.313013         47433.9        -18343.2         4145.59
11                  0.315203         47606.4         18266.8         4172.63
1909                0.315203         47606.4        -18266.8         4172.63

======================================================================
Element type: 4-node tetrahedron (gmsh type 4), 30469121 elements
======================================================================

Quality metrics for 4-node tetrahedron
--------------------------------------
Metric             Count             Min             Max            Mean          StdDev
----------------------------------------------------------------------------------------
minDetJac       30469121     2.69762e+06     8.30675e+09     1.57519e+09     4.98376e+08
maxDetJac       30469121     2.69762e+06     8.30675e+09     1.57519e+09     4.98376e+08
minSICN         30469121       0.0185777               1        0.806126         0.12293
minSIGE         30469121        0.121973               1        0.827296         0.12513
gamma           30469121       0.0135497               1        0.779327        0.126619
innerRadius     30469121         5.89238         458.222         238.004         39.0036
outerRadius     30469121         514.797         2439.19         920.915         89.8649
minIsotropy     30469121       0.0254705               1        0.817218        0.104152
angleShape      30469121               1               1               1               0
minEdge         30469121          12.555         2169.68         1099.94         94.2138
maxEdge         30469121         949.581         2835.35         1752.69         180.704
volume          30469121          449603     1.38446e+09     2.62532e+08     8.30627e+07

Histogram of minSICN (30469121 elements)
------------------------------------------------------------
  [    0.018578,      0.11672) :         38 (  0.00%) 
  [     0.11672,      0.21486) :         20 (  0.00%) 
  [     0.21486,        0.313) :         33 (  0.00%) 
  [       0.313,      0.41115) :     295607 (  0.97%) 
  [     0.41115,      0.50929) :     898982 (  2.95%) #
  [     0.50929,      0.60743) :    1418797 (  4.66%) ##
  [     0.60743,      0.70557) :    2588997 (  8.50%) ####
  [     0.70557,      0.80372) :    6274380 ( 20.59%) ##########
  [     0.80372,      0.90186) :   12656616 ( 41.54%) #####################
  [     0.90186,            1) :    6335651 ( 20.79%) ##########

Elements at or below quality thresholds for minSICN (30469121 valid elements)
------------------------------------------------------------
  <= 0.01       :          0 elements (  0.00%)
  <= 0.05       :         11 elements (  0.00%)
  <= 0.1        :         25 elements (  0.00%)
  <= 0.2        :         55 elements (  0.00%)
  <= 0.3        :         87 elements (  0.00%)

Worst 20 elements by minSICN for 4-node tetrahedron
------------------------------------------------------------------------------
ElementTag           minSICN               X               Y               Z
7777184            0.0185777         48438.2         17865.9         4201.26
7777183            0.0185956         48478.7         17729.1         4205.99
6883655            0.0217464         48324.1        -17597.5         4252.14
17374721           0.0241584         48364.5        -17460.6         4256.87
24018136           0.0298357         48330.1         18050.9         4194.06
4021961            0.0314348         48407.6         17931.4         4203.99
7970306            0.0354832         48218.2        -18049.5          4345.9
9683979            0.0356695         48140.8          -18169         4335.97
4021661            0.0428351         48173.7         18197.3         4183.93
9683969            0.0458439         48190.1        -18544.5         4351.93
4019895            0.0475834         48281.7           18105         4198.79
3759041            0.0578806         48152.7         18522.2         4174.65
4106550            0.0584664         48092.4        -18223.2         4340.71
7777203             0.060384         48111.5         18235.6         4192.02
30062294           0.0621923         48520.8        -17829.5         4410.52
1084564            0.0696787         47854.6        -18470.2         4181.41
1999748            0.0816128         224.423         55.5275         801.493
12990540            0.083088        -252.389         12.8955        -524.248
15972354           0.0835433        -252.389         49.2736        -524.248
3921142            0.0842943        -288.453         36.1124         659.157

======================================================================
Metric descriptions
======================================================================
minDetJac     Minimum of the Jacobian determinant
maxDetJac     Maximum of the Jacobian determinant
minSICN       Minimum Signed Inverse Condition Number (shape quality)
minSIGE       Minimum Signed Inverse Gradient Error
gamma         Inscribed/circumscribed radius ratio, normalized to [0,1]
innerRadius   Radius of the inscribed circle/sphere
outerRadius   Radius of the circumscribed circle/sphere
minIsotropy   Minimum isotropy measure
angleShape    Angle-based shape measure
minEdge       Minimum edge length
maxEdge       Maximum edge length
volume        Element volume (area in 2D, length in 1D)

Summary CSV written to: ..\Output\PlainBWB_mesh\Plain_BWB_Mesh_summary.csv
Worst-element CSV written to: ..\Output\PlainBWB_mesh\Plain_BWB_Mesh_bad.csv

Report complete. Mesh was not modified.
