======================================================================
GMSH MESH QUALITY REPORT
======================================================================
File: ..\Output\Gmsh_with_cavities_AoA_neg5_20260908.msh
Total elements: 31191268
Element types present: 2

======================================================================
Element type: 3-node triangle (gmsh type 2), 647268 elements
======================================================================

Quality metrics for 3-node triangle
-----------------------------------
Metric             Count             Min             Max            Mean          StdDev
----------------------------------------------------------------------------------------
minDetJac         647268       0.0992187     1.55457e+06          747128          296043
maxDetJac         647268       0.0992187     1.55457e+06          747128          296043
minSICN           647268     0.000226403               1        0.936105        0.195397
minSIGE           647268      0.00627469               1        0.965927        0.131225
gamma             647268     2.09728e-06               1        0.931958        0.206278
innerRadius       647268       0.0200508         384.289         249.517         97.8291
outerRadius       647268        0.539648         37518.1         501.981         213.284
minIsotropy       647268     2.56291e-08               1        0.936105        0.195397
angleShape        647268      0.00010544               1        0.892063        0.309445
minEdge           647268             0.5         1304.19         861.747         338.621
maxEdge           647268         1.06619         1693.48         870.998         335.249
volume            647268       0.0496094          777287          373564          148021

Histogram of minSICN (647268 elements)
------------------------------------------------------------
  [   0.0002264,       0.1002) :      12915 (  2.00%) #
  [      0.1002,      0.20018) :       6979 (  1.08%) #
  [     0.20018,      0.30016) :       3766 (  0.58%) 
  [     0.30016,      0.40014) :       4094 (  0.63%) 
  [     0.40014,      0.50011) :       1977 (  0.31%) 
  [     0.50011,      0.60009) :      29804 (  4.60%) ##
  [     0.60009,      0.70007) :       1415 (  0.22%) 
  [     0.70007,      0.80005) :       6429 (  0.99%) 
  [     0.80005,      0.90002) :       1693 (  0.26%) 
  [     0.90002,            1) :     578196 ( 89.33%) #############################################

Elements at or below quality thresholds for minSICN (647268 valid elements)
------------------------------------------------------------
  <= 0.01       :         91 elements (  0.01%)
  <= 0.05       :       7330 elements (  1.13%)
  <= 0.1        :      12908 elements (  1.99%)
  <= 0.2        :      19893 elements (  3.07%)
  <= 0.3        :      23659 elements (  3.66%)

Worst 20 elements by minSICN for 3-node triangle
------------------------------------------------------------------------------
ElementTag           minSICN               X               Y               Z
90101            0.000226403         10501.6         2946.65         4305.25
90102            0.000233905         10501.6         2943.32         4305.25
90094            0.000240669         10501.6        -2940.45         4305.25
90093            0.000248897         10501.6        -2937.12         4305.25
90099            0.000269832         10501.6         2929.33         4305.25
90100            0.000279615         10501.6            2926         4305.25
90096            0.000288474         10501.6        -2923.13         4305.25
90095            0.000299297         10501.6        -2919.79         4305.25
90195            0.000800334         10501.6         2936.33         4305.25
90126            0.000853441         10501.6        -2930.12         4305.25
91200             0.00148367         10512.4         2937.99         4309.66
91203             0.00153463         10512.4         2934.66         4309.66
91186             0.00158073         10512.4        -2931.79         4309.66
91182             0.00163684         10512.4        -2928.46         4309.66
91197             0.00441132         12668.5         3092.21         4856.26
91195             0.00441341         12670.1         3092.21         4856.45
91174             0.00445266         12668.5        -3086.06         4856.25
91176             0.00445481         12670.1        -3086.06         4856.45
83343             0.00453756         12747.7        -3764.62         4864.68
83345             0.00453822           12746        -3764.62          4864.5

======================================================================
Element type: 4-node tetrahedron (gmsh type 4), 30544000 elements
======================================================================

Quality metrics for 4-node tetrahedron
--------------------------------------
Metric             Count             Min             Max            Mean          StdDev
----------------------------------------------------------------------------------------
minDetJac       30544000        0.212993      8.5536e+09     1.57133e+09     5.06068e+08
maxDetJac       30544000        0.212993      8.5536e+09     1.57133e+09     5.06068e+08
minSICN         30544000     8.22963e-05               1        0.803858        0.128295
minSIGE         30544000     0.000399527               1        0.825784        0.127843
gamma           30544000     1.99569e-06               1        0.776991        0.131829
innerRadius     30544000      0.00702827         447.702         237.294         41.0618
outerRadius     30544000         2.55758         48585.1         919.405         103.236
minIsotropy     30544000     2.02771e-08               1        0.814892        0.110767
angleShape      30544000               1               1               1               0
minEdge         30544000             0.5         2118.31          1096.6         111.844
maxEdge         30544000         5.10982         3906.85          1749.1         201.831
volume          30544000       0.0354989      1.4256e+09     2.61888e+08     8.43446e+07

Histogram of minSICN (30544000 elements)
------------------------------------------------------------
  [  8.2296e-05,      0.10007) :      47341 (  0.15%) 
  [     0.10007,      0.20007) :       2013 (  0.01%) 
  [     0.20007,      0.30006) :      23414 (  0.08%) 
  [     0.30006,      0.40005) :     234204 (  0.77%) 
  [     0.40005,      0.50004) :     885913 (  2.90%) #
  [     0.50004,      0.60003) :    1393625 (  4.56%) ##
  [     0.60003,      0.70002) :    2528609 (  8.28%) ####
  [     0.70002,      0.80002) :    6112372 ( 20.01%) ##########
  [     0.80002,      0.90001) :   12757234 ( 41.77%) #####################
  [     0.90001,            1) :    6559275 ( 21.47%) ###########

Elements at or below quality thresholds for minSICN (30544000 valid elements)
------------------------------------------------------------
  <= 0.01       :       9198 elements (  0.03%)
  <= 0.05       :      44060 elements (  0.14%)
  <= 0.1        :      47339 elements (  0.15%)
  <= 0.2        :      49354 elements (  0.16%)
  <= 0.3        :      72767 elements (  0.24%)

Worst 20 elements by minSICN for 4-node tetrahedron
------------------------------------------------------------------------------
ElementTag           minSICN               X               Y               Z
1396135          8.22963e-05         10571.7         -2892.6         4511.64
4257688          8.38784e-05         10571.7         -2890.1         4511.64
823581           9.11227e-05         10571.7        -2879.61         4511.64
4257657          9.30098e-05         10571.7        -2877.11         4511.64
662620           0.000115424           10443         3074.15          4450.1
1297009          0.000117265           10443         3071.65          4450.1
892272           0.000125642           10443         3061.16          4450.1
1134133           0.00012781           10443         3058.66          4450.1
943538           0.000269884         4557.09         1084.52         2122.42
1426519           0.00027893         10571.7        -2884.86         4511.64
1297000          0.000387317           10443         3066.41          4450.1
1257956          0.000452106           20191        -2658.28         6052.01
4256529          0.000480344         10579.8        -2886.11         4514.95
1523798          0.000547466         20189.7        -2658.28         6051.87
1271668          0.000577498         10579.8        -2883.61         4514.95
1528015          0.000723889         10451.1         3067.66         4453.41
4256158          0.000727441         10451.1         3065.16         4453.41
823208            0.00075355         6261.76         1766.34         2640.64
938825           0.000760913         19747.1        -2500.67         5622.95
1521861          0.000844077         21016.4        -2490.29         5744.64

======================================================================
Metric descriptions
======================================================================
minDetJac     Minimum of the Jacobian determinant
maxDetJac     Maximum of the Jacobian determinant
minSICN       Minimum Signed Inverse Condition Number (shape quality)
minSIGE       Minimum Signed Inverse Gradient Error
gamma         Inscribed/circumscribed radius ratio, normalized to [0,1]
innerRadius   Radius of the inscribed circle/sphere
outerRadius   Radius of the circumscribed circle/sphere
minIsotropy   Minimum isotropy measure
angleShape    Angle-based shape measure
minEdge       Minimum edge length
maxEdge       Maximum edge length
volume        Element volume (area in 2D, length in 1D)

Summary CSV written to: summary.csv
Worst-element CSV written to: bad.csv

Report complete. Mesh was not modified.
