======================================================================
GMSH MESH QUALITY REPORT
======================================================================
File: ..\Output\CavityBWB_mesh\Gmsh_with_cavities_AoA_neg5_20260914.msh
Total elements: 31186314
Element types present: 2

======================================================================
Element type: 3-node triangle (gmsh type 2), 647156 elements
======================================================================

Quality metrics for 3-node triangle
-----------------------------------
Metric             Count             Min             Max            Mean          StdDev
----------------------------------------------------------------------------------------
minDetJac         647156       0.0992187     1.54547e+06          747257          295948
maxDetJac         647156       0.0992187     1.54547e+06          747257          295948
minSICN           647156     0.000226403               1        0.936077        0.195459
minSIGE           647156      0.00627469               1        0.965899        0.131263
gamma             647156     2.09728e-06               1        0.931918        0.206391
innerRadius       647156       0.0200508         382.589          249.55         97.8065
outerRadius       647156        0.539648         37518.1         502.056         213.246
minIsotropy       647156     2.56291e-08               1        0.936077        0.195459
angleShape        647156      0.00010544               1        0.892221        0.309253
minEdge           647156             0.5         1248.57         861.875         338.539
maxEdge           647156         1.06619         1706.14         871.137         335.169
volume            647156       0.0496094          772736          373629          147974

Histogram of minSICN (647156 elements)
------------------------------------------------------------
  [   0.0002264,       0.1002) :      12832 (  1.98%) #
  [      0.1002,      0.20018) :       6969 (  1.08%) #
  [     0.20018,      0.30016) :       3836 (  0.59%) 
  [     0.30016,      0.40014) :       4199 (  0.65%) 
  [     0.40014,      0.50011) :       1994 (  0.31%) 
  [     0.50011,      0.60009) :      29818 (  4.61%) ##
  [     0.60009,      0.70007) :       1343 (  0.21%) 
  [     0.70007,      0.80005) :       6377 (  0.99%) 
  [     0.80005,      0.90002) :       1620 (  0.25%) 
  [     0.90002,            1) :     578168 ( 89.34%) #############################################

Elements at or below quality thresholds for minSICN (647156 valid elements)
------------------------------------------------------------
  <= 0.01       :         97 elements (  0.01%)
  <= 0.05       :       7358 elements (  1.14%)
  <= 0.1        :      12827 elements (  1.98%)
  <= 0.2        :      19797 elements (  3.06%)
  <= 0.3        :      23634 elements (  3.65%)

Worst 20 elements by minSICN for 3-node triangle
------------------------------------------------------------------------------
ElementTag           minSICN               X               Y               Z
90044            0.000226403         10836.8         2946.65         3373.59
90045            0.000233905         10836.8         2943.32         3373.59
90036            0.000240669         10836.8        -2940.45         3373.59
90035            0.000248897         10836.8        -2937.12         3373.59
90042            0.000269832         10836.8         2929.33         3373.59
90043            0.000279615         10836.8            2926         3373.59
90038            0.000288474         10836.8        -2923.13         3373.59
90037            0.000299297         10836.8        -2919.79         3373.59
90130            0.000800334         10836.8         2936.33         3373.59
90070            0.000853441         10836.8        -2930.12         3373.59
91136             0.00148367           10848         2937.99         3377.05
91139             0.00153463           10848         2934.66         3377.05
91122             0.00158073           10848        -2931.79         3377.05
91118             0.00163684           10848        -2928.46         3377.05
91133             0.00441132         13043.5         3092.21         3733.65
91131             0.00441341         13045.2         3092.21          3733.7
91110             0.00445266         13043.5        -3086.06         3733.65
91112             0.00445481         13045.2        -3086.06          3733.7
83291             0.00453756         13123.2        -3764.62         3735.13
83293             0.00453822         13121.5        -3764.62          3735.1

======================================================================
Element type: 4-node tetrahedron (gmsh type 4), 30539158 elements
======================================================================

Quality metrics for 4-node tetrahedron
--------------------------------------
Metric             Count             Min             Max            Mean          StdDev
----------------------------------------------------------------------------------------
minDetJac       30539158        0.484375     9.98299e+09     1.57158e+09     5.07021e+08
maxDetJac       30539158        0.484375     9.98299e+09     1.57158e+09     5.07021e+08
minSICN         30539158     7.91811e-05               1         0.80355        0.128481
minSIGE         30539158       0.0013597               1        0.825489        0.128053
gamma           30539158     1.44225e-06               1        0.776564        0.132222
innerRadius     30539158      0.00732911           457.7         237.258         41.0883
outerRadius     30539158         2.55758         57129.5         919.993         105.267
minIsotropy     30539158     7.24945e-08               1         0.81459        0.110979
angleShape      30539158               1               1               1               0
minEdge         30539158             0.5         2185.51         1096.53         112.156
maxEdge         30539158         5.10982          4192.8         1749.88         203.325
volume          30539158       0.0807292     1.66383e+09     2.61929e+08     8.45035e+07

Histogram of minSICN (30539158 elements)
------------------------------------------------------------
  [  7.9181e-05,      0.10007) :      47303 (  0.15%) 
  [     0.10007,      0.20006) :       1873 (  0.01%) 
  [     0.20006,      0.30006) :      23420 (  0.08%) 
  [     0.30006,      0.40005) :     235376 (  0.77%) 
  [     0.40005,      0.50004) :     890421 (  2.92%) #
  [     0.50004,      0.60003) :    1404162 (  4.60%) ##
  [     0.60003,      0.70002) :    2539265 (  8.31%) ####
  [     0.70002,      0.80002) :    6112973 ( 20.02%) ##########
  [     0.80002,      0.90001) :   12737944 ( 41.71%) #####################
  [     0.90001,            1) :    6546421 ( 21.44%) ###########

Elements at or below quality thresholds for minSICN (30539158 valid elements)
------------------------------------------------------------
  <= 0.01       :       8673 elements (  0.03%)
  <= 0.05       :      44192 elements (  0.14%)
  <= 0.1        :      47301 elements (  0.15%)
  <= 0.2        :      49175 elements (  0.16%)
  <= 0.3        :      72596 elements (  0.24%)

Worst 20 elements by minSICN for 4-node tetrahedron
------------------------------------------------------------------------------
ElementTag           minSICN               X               Y               Z
4130077          7.91811e-05         10655.2        -2943.77         3452.19
1474349           8.0671e-05         10655.2        -2941.27         3452.19
5143920          8.74799e-05         10655.2        -2930.78         3452.19
8918454          8.92504e-05         10655.2        -2928.28         3452.19
13354176         0.000221071         10792.7         2969.08         3414.17
1477652          0.000226319         10792.7         2966.58         3414.17
13353914         0.000250141         10792.7         2956.09         3414.17
1002977          0.000256283         10792.7         2953.59         3414.17
8918422          0.000268023         10655.2        -2936.03         3452.19
1049169          0.000325549         10937.9        -2703.64          3598.2
723329           0.000392708         10937.9        -2701.14          3598.2
1468031          0.000503249         5549.89         1560.27          1794.7
1399335          0.000730331         6401.36         1708.37         2093.89
1482929          0.000759045         10792.7         2961.33         3414.17
1254471          0.000816057           29632         7763.91         3981.63
678366            0.00096436         9939.03         2740.88         3137.37
1399139           0.00105496           13085        -3359.24         3933.07
1480421             0.001122         21293.2         2014.82         3884.24
4075725           0.00115149         13132.9        -3543.27          3892.1
4130919            0.0011853           28372        -7076.88         4047.21

======================================================================
Metric descriptions
======================================================================
minDetJac     Minimum of the Jacobian determinant
maxDetJac     Maximum of the Jacobian determinant
minSICN       Minimum Signed Inverse Condition Number (shape quality)
minSIGE       Minimum Signed Inverse Gradient Error
gamma         Inscribed/circumscribed radius ratio, normalized to [0,1]
innerRadius   Radius of the inscribed circle/sphere
outerRadius   Radius of the circumscribed circle/sphere
minIsotropy   Minimum isotropy measure
angleShape    Angle-based shape measure
minEdge       Minimum edge length
maxEdge       Maximum edge length
volume        Element volume (area in 2D, length in 1D)

Summary CSV written to: ..\Output\CavityBWB_mesh\Cavity_BWB_Mesh_summary.csv
Worst-element CSV written to: ..\Output\CavityBWB_mesh\Cavity_BWB_Mesh_bad.csv

Report complete. Mesh was not modified.
